I'm sorry, but errors were detected in your script. Please correct the
errors listed below, and try again.


File "game/screens.rpy", line 391: style statement expects a non-empty block.
    style hnavigation_button_text:
                                  ^

Ren'Py Version: Ren'Py 8.0.3.22090809
Tue May  9 10:38:12 2023
